// Bun Snapshot v1, https://bun.sh/docs/test/snapshots

exports[`Markdown Renderer FSD + utility-first compact output matches snapshot 1`] = `
"# Architecture Policy
Pattern: feature-sliced | Framework: Svelte 5 | Styling: utility-first

## Layers & Import Direction
app → features → entities → shared (unidirectional, strict)

| Layer    | May Import          |
|----------|---------------------|
| app      | features, entities, shared |
| features | entities, shared    |
| entities | shared              |
| shared   | —                   |

- Cross-feature imports: FORBIDDEN
- Circular imports: FORBIDDEN
- Cross-slice imports must go through index.ts

## Directory Structure
src/
├── routes/          # load functions, actions — no domain logic
├── app/             # providers, router, global styles
├── features/<slice>/
│   ├── ui/          # components
│   ├── api/         # external I/O and API clients — called by load functions
│   └── index.ts     # public API (required)
├── entities/<slice>/
│   ├── model/       # domain logic, validators, value objects (no reactive state)
│   ├── api/         # data access, response mapping
│   └── index.ts     # public API (required)
└── shared/
    ├── ui-kit/      # primitives
    ├── api/         # base fetch only — no domain requests
    ├── lib/         # pure utils
    └── types/       # global types

## File Conventions
| Type      | File             | Export          |
|-----------|------------------|-----------------|
| component | *.svelte         | PascalCase      |
| logic     | *.svelte.ts      | camelCase       |
| service   | *.service.ts     | camelCase       |
| types     | *.types.ts       | PascalCase      |
| constants | *.constants.ts   | SCREAMING_SNAKE |

- Naming: kebab-case for files
- Barrel exports: required only at feature/entity roots (index.ts)
- No default exports on utilities

## Component Rules
- No data fetching in components — receive via props/load
- No business logic in components
- Extract to *.svelte.ts when script > 25 lines or logic repeats across 2+ components
- Extract to new component when template has > 2 logical sections
- Max props: 10 | No prop drilling beyond depth 2
- Prefer composition over configuration (slots over boolean props)

## Svelte 5 Runes
- $state → local reactive state
- $derived → computed values (never $effect for derived state)
- $effect → side effects only (DOM, subscriptions)
- $props → component interface
- $bindable → explicit two-way binding (use sparingly)
- No legacy stores for local state

## State & Data Flow
route (load fn) → features/api (use case) → entities/api (data access) → entities/model (domain type)

- Side effects: allowed only in features/api and entities/api
- API errors must be mapped to domain types before reaching UI
- Every async operation requires loading + error state

## Forbidden
- Component fetching data directly
- Reactive state ($state) in entities
- Domain logic in features/api
- Raw API responses leaking to UI
- any type (use unknown + narrowing)
- Type assertions (as) except at data boundaries"
`;

exports[`Markdown Renderer Modular + utility-first compact output matches snapshot 1`] = `
"# Architecture Policy
Pattern: modular | Framework: Svelte 5 | Styling: utility-first

## Layers & Import Direction
modules → shared (unidirectional, strict)

| Layer   | May Import |
|---------|------------|
| modules | shared     |
| shared  | —          |

- Cross-module imports: FORBIDDEN — modules must remain isolated
- Circular imports: FORBIDDEN
- shared must contain only infrastructure (utils, design system, global types)

## Directory Structure
src/
├── modules/<slice>/
│   ├── components/  # components — no logic, extract when template > 2 logical sections
│   ├── hooks/       # module-scoped reactive state and logic (.svelte.ts)
│   ├── services/    # external I/O and API clients — never imported in components
│   ├── types/       # module-scoped types
│   └── index.ts     # public API (required)
└── shared/
    ├── ui/          # design system primitives
    ├── utils/       # pure functions — min 2 consumers to justify
    └── types/       # global types only

## File Conventions
| Type      | File           | Export          |
|-----------|----------------|-----------------|
| component | *.svelte       | PascalCase      |
| hook      | *.svelte.ts    | camelCase       |
| service   | *.ts           | camelCase       |
| types     | *.types.ts     | PascalCase      |
| constants | *.constants.ts | SCREAMING_SNAKE |

- Naming: PascalCase for files
- Barrel exports: required only at module roots (index.ts)
- No default exports on utilities

## Component Rules
- No business logic in components
- No direct service imports in components — data via load functions only
- Extract to *.svelte.ts when script > 25 lines or logic repeats across 2+ components
- Extract to new component when template has > 2 logical sections
- Max props: 10 | No prop drilling beyond depth 2
- Prefer composition over configuration (slots over boolean props)

## Svelte 5 Runes
- $state → local reactive state
- $derived → computed values (never $effect for derived state)
- $effect → side effects only (DOM, subscriptions)
- $props → component interface
- $bindable → explicit two-way binding (use sparingly)
- No legacy stores for local state

## Data Flow
route (load fn) → modules/services → UI

- Services are server-only — consumed through +page.server.ts, never imported in components
- API errors must be mapped to domain types before reaching UI
- Every async operation requires loading + error state

## Forbidden
- Cross-module imports
- Direct service imports in components
- Business logic in shared
- Domain logic or module coordination in shared
- Global reactive state outside module hooks
- \`any\` type (use unknown + narrowing)
- Type assertions (\`as\`) except at data boundaries"
`;

exports[`Markdown Renderer Flat compact output matches snapshot 1`] = `
"# Architecture Policy
Pattern: flat | Framework: Svelte 5 | Styling: any

## Structure
No enforced layers — intentional simplicity at this scale.

- Circular imports: FORBIDDEN
- Cross imports: allowed

## Directory Structure
src/
├── components/  # all components — logic colocated ok at this scale
├── hooks/       # reusable reactive logic (.svelte.ts)
├── services/    # external I/O and API clients — consumed via load functions only
├── types/       # shared types
└── utils/       # pure functions

> Graduation signals — migrate to modular when:
> - > 20 components in /components
> - same data fetched in 3+ places
> - repeated business logic across 3+ components

## File Conventions
| Type      | File             | Export          |
|-----------|------------------|-----------------|
| component | *.svelte         | PascalCase      |
| hook      | *.svelte.ts      | camelCase       |
| service   | *.ts             | camelCase       |
| types     | *.types.ts       | PascalCase      |
| constants | *.constants.ts   | SCREAMING_SNAKE |
| utils     | *.ts             | camelCase       |

- Naming: kebab-case for files
- Barrel exports: optional
- No default exports on utilities

## Component Rules
- No direct service imports in components — data via load functions only
- Extract to *.svelte.ts when script > 25 lines or logic repeats across 2+ components
- Extract to new component when template has > 2 logical sections
- Max props: 10 | No prop drilling beyond depth 3

## Svelte 5 Runes
- $state → local reactive state
- $derived → computed values (never $effect for derived state)
- $effect → side effects only (DOM, subscriptions)
- $props → component interface
- $bindable → explicit two-way binding (use sparingly)
- No legacy stores for local state

## Data Flow
route (load fn) → services (server-only) → UI

- Services consumed through +page.server.ts only
- API errors must be mapped to domain types before reaching UI
- Every async operation requires loading + error state

## Forbidden
- Circular imports
- Direct service imports in components
- Service imports in +page.ts (server-only)
- \`any\` type (use unknown + narrowing)
- Type assertions (\`as\`) except at data boundaries"
`;

exports[`Markdown Renderer Atomic + utility-first — no css files in structure or companions 1`] = `
"# Architecture Policy
> Pattern: **atomic** | State: **minimal** | Styling: **utility-first**

---

## Stack
- **Framework:** svelte

---

## Layer Rules
Imports are unidirectional. Each layer may only import from layers listed below it.
Violations of import rules are **not permitted**.

| Layer | May Import | Responsibilities | Side Effects |
|-------|------------|------------------|--------------|
| pages | templates, organisms, molecules, atoms, shared | **Owns:** Route components, Data fetching, Connecting templates to real data<br>**Not:** Contain complex UI logic, Directly define complex layouts | ✓ allowed |
| templates | organisms, molecules, atoms, shared | **Owns:** Page-level layout structures, Slot-based composition<br>**Not:** Know about real data, Manage business logic | ✓ allowed |
| organisms | molecules, atoms, shared | **Owns:** Complex, standalone UI sections, Local state for interaction logic<br>**Not:** Know about routing, Directly access global state if possible | ✓ allowed |
| molecules | atoms, shared | **Owns:** Simple combinations of atoms, Purely presentational logic<br>**Not:** Fetch data, Contain business rules | ✗ forbidden |
| atoms | shared | **Owns:** Single HTML element wrappers, Basic styling and primitive behavior<br>**Not:** Import from any other layer, Contain any business logic | ✗ forbidden |
| shared | — | **Owns:** Utils, Theme constants, Global types<br>**Not:** Import from UI layers | ✗ forbidden |




**Cross-feature imports:** via public api only
**Circular imports:** FORBIDDEN

---

## Expected Directory Structure

\`\`\`
src/
├── pages/
│   ├── <route>/
│   │   └── PageName.svelte
├── templates/
│   ├── <component>/
│   │   ├── ComponentName.svelte
├── organisms/
│   ├── <component>/
│   │   ├── ComponentName.svelte
│   │   ├── hooks/
│   │   └── types/
├── molecules/
│   ├── <component>/
│   │   ├── ComponentName.svelte
│   │   └── types/
├── atoms/
│   ├── <component>/
│   │   ├── ComponentName.svelte
│   │   └── types/
└── shared/
    ├── utils/
    ├── types/
    └── theme/
\`\`\`

---

## File Conventions

### Naming
> Files: \`kebab-case\` globally · Symbols: per-type rules below

| Type | File Pattern | Export Name Convention |
|------|--------------|------------------------|
| component | \`*.svelte\` | \`PascalCase\` |
| types | \`*.types.ts\` | \`PascalCase (*Type | *Props suffix)\` |
| constants | \`*.constants.ts\` | \`SCREAMING_SNAKE_CASE\` |
| store | \`*.svelte.ts\` | \`camelCase (reactive runes)\` |
| hook | \`*.svelte.ts\` | \`camelCase (runes/logic functions)\` |
| service | \`*.ts\` | \`—\` |


### Required Companions

| File Type | Required | Optional |
|-----------|----------|----------|
| component | \`*.test.ts\` | — |
| types | — | — |
| constants | — | — |
| store | — | — |
| hook | — | — |
| service | — | — |


### Structure Rules
- **Co-location:** strict — companions must live beside source file
- **Test placement:** colocated
- **Public API:** every feature root requires \`index.ts\` — internal files must not be imported directly
- **Max directory depth:** N/A
- **Barrel exports:** required at feature roots only

### Forbidden Patterns
- \`legacy-stores-for-local-state\`
- \`effect-for-derived-state\`
- \`direct-mutation-outside-runes\`

---

## Component Composition Rules
- **Complexity signal:** extract to a separate component when the template has more than 2 logical sections, not by line count
- **Logic signal:** extract to \`*.svelte.ts\` (Svelte logic module) when script block exceeds ~20-25 lines
- **Max props:** 7 — split into compound component if exceeded
- **No prop drilling beyond depth 3** — lift to store or context
- **Logic in components:** allowed
- **Presentational components** must not import from \`state\` or \`services\` layers
- **Prefer composition over configuration:** YES — pass children/slots, avoid boolean prop explosion

---

## Abstraction Rules
- Extract to **\`*.svelte.ts\` (Svelte logic module)** when: logic repeats across 2+ components OR exceeds 20-25 lines inside component
- Extract to **service** when: logic touches external I/O (API, storage, cookies)
- Extract to **utility** when: logic is pure, stateless, domain-agnostic
- **Do not abstract preemptively** — wrong abstraction costs more than duplication

---

## Svelte 5 Runes Contract
- **\`$state\`** → local reactive state (avoid legacy \`let\` variables for state)
- **\`$derived\`** → computed values; replaces selectors and reactive declarations
- **\`$effect\`** → side effects only (DOM, subscriptions); **forbidden for syncing state**
- **\`$props\`** → official component interface; no more \`export let\`
- **\`$bindable\`** → explicit two-way binding; use sparingly to maintain data flow clarity

---

## State & Async Rules
- **Scope:** minimal
- **Derived state:** $derived rune (computed values)
- **Data fetching:** pages — pattern: hooks
- **All promises must be handled** — no floating async calls
- **API errors must not reach UI raw** — map to domain error types in service layer
- **Every async UI operation requires** loading state + error state

---

## Type Rules
- **No \`any\`** — use \`unknown\` + type narrowing
- **Props interface required** per component — no inline type literals
- **No type assertions (\`as\`)** except at data boundaries (API responses, DOM events)

---

*Generated by agent-arch · [edit templates to change rules]*"
`;
