// Bun Snapshot v1, https://bun.sh/docs/test/snapshots

exports[`Markdown Renderer FSD + utility-first compact output matches snapshot 1`] = `
"# Architecture Policy
Pattern: feature-sliced | Framework: Svelte 5 | Styling: utility-first

## Layers & Import Direction
app → features → entities → shared (unidirectional, strict)

| Layer    | May Import          |
|----------|---------------------|
| app      | features, entities, shared |
| features | entities, shared    |
| entities | shared              |
| shared   | —                   |

- Cross-feature imports: FORBIDDEN
- Circular imports: FORBIDDEN
- Cross-slice imports must go through index.ts

## Directory Structure
src/
├── routes/          # load functions, actions — no domain logic
├── app/             # providers, router, global styles
├── features/<slice>/
│   ├── ui/          # components
│   ├── api/         # external I/O and API clients — called by load functions
│   └── index.ts     # public API (required)
├── entities/<slice>/
│   ├── model/       # domain logic, validators, value objects (no reactive state)
│   ├── api/         # data access, response mapping
│   └── index.ts     # public API (required)
└── shared/
    ├── ui-kit/      # primitives
    ├── api/         # base fetch only — no domain requests
    ├── lib/         # pure utils
    └── types/       # global types

## File Conventions
| Type      | File             | Export          |
|-----------|------------------|-----------------|
| component | *.svelte         | PascalCase      |
| logic     | *.svelte.ts      | camelCase       |
| service   | *.service.ts     | camelCase       |
| types     | *.types.ts       | PascalCase      |
| constants | *.constants.ts   | SCREAMING_SNAKE |

- Naming: kebab-case for files
- Barrel exports: required only at feature/entity roots (index.ts)
- No default exports on utilities

## Component Rules
- No data fetching in components — receive via props/load
- No business logic in components
- Extract to *.svelte.ts when script > 25 lines or logic repeats across 2+ components
- Extract to new component when template has > 2 logical sections
- Max props: 7 | No prop drilling beyond depth 2
- Prefer composition over configuration (slots over boolean props)

## Svelte 5 Runes
- $state → local reactive state
- $derived → computed values (never $effect for derived state)
- $effect → side effects only (DOM, subscriptions)
- $props → component interface
- $bindable → explicit two-way binding (use sparingly)
- No legacy stores for local state

## State & Data Flow
route (load fn) → features/api (use case) → entities/api (data access) → entities/model (domain type)

- Side effects: allowed only in features/api and entities/api
- API errors must be mapped to domain types before reaching UI
- Every async operation requires loading + error state

## Forbidden
- Component fetching data directly
- Reactive state ($state) in entities
- Domain logic in features/api
- Raw API responses leaking to UI
- any type (use unknown + narrowing)
- Type assertions (as) except at data boundaries"
`;

exports[`Markdown Renderer Modular + utility-first compact output matches snapshot 1`] = `
"# Architecture Policy
Pattern: modular | Framework: Svelte 5 | Styling: utility-first

## Layers & Import Direction
modules → shared (unidirectional, strict)

| Layer   | May Import |
|---------|------------|
| modules | shared     |
| shared  | —          |

- Cross-module imports: FORBIDDEN — modules must remain isolated
- Circular imports: FORBIDDEN
- shared must contain only infrastructure (utils, design system, global types)

## Directory Structure
src/
├── modules/<slice>/
│   ├── components/  # components — no logic, extract when template > 2 logical sections
│   ├── hooks/       # module-scoped reactive state and logic (.svelte.ts)
│   ├── services/    # external I/O and API clients — never imported in components
│   ├── types/       # module-scoped types
│   └── index.ts     # public API (required)
└── shared/
    ├── ui/          # design system primitives
    ├── utils/       # pure functions — min 2 consumers to justify
    └── types/       # global types only

## File Conventions
| Type      | File           | Export          |
|-----------|----------------|-----------------|
| component | *.svelte       | PascalCase      |
| hook      | *.svelte.ts    | camelCase       |
| service   | *.ts           | camelCase       |
| types     | *.types.ts     | PascalCase      |
| constants | *.constants.ts | SCREAMING_SNAKE |

- Naming: PascalCase for files
- Barrel exports: required only at module roots (index.ts)
- No default exports on utilities

## Component Rules
- No business logic in components
- No direct service imports in components — data via load functions only
- Extract to *.svelte.ts when script > 25 lines or logic repeats across 2+ components
- Extract to new component when template has > 2 logical sections
- Max props: 7 | No prop drilling beyond depth 2
- Prefer composition over configuration (slots over boolean props)

## Svelte 5 Runes
- $state → local reactive state
- $derived → computed values (never $effect for derived state)
- $effect → side effects only (DOM, subscriptions)
- $props → component interface
- $bindable → explicit two-way binding (use sparingly)
- No legacy stores for local state

## Data Flow
route (load fn) → modules/services → UI

- Services are server-only — consumed through +page.server.ts, never imported in components
- API errors must be mapped to domain types before reaching UI
- Every async operation requires loading + error state

## Forbidden
- Cross-module imports
- Direct service imports in components
- Business logic in shared
- Domain logic or module coordination in shared
- Global reactive state outside module hooks
- \`any\` type (use unknown + narrowing)
- Type assertions (\`as\`) except at data boundaries"
`;

exports[`Markdown Renderer Flat compact output matches snapshot 1`] = `
"# Architecture Policy
Pattern: flat | Framework: Svelte 5 | Styling: any

## Structure
No enforced layers — intentional simplicity at this scale.

- Circular imports: FORBIDDEN
- Cross imports: allowed

## Directory Structure
src/
├── components/  # all components — logic colocated ok at this scale
├── hooks/       # reusable reactive logic (.svelte.ts)
├── services/    # external I/O and API clients — consumed via load functions only
├── types/       # shared types
└── utils/       # pure functions

> Graduation signals — migrate to modular when:
> - > 20 components in /components
> - same data fetched in 3+ places
> - repeated business logic across 3+ components

## File Conventions
| Type      | File             | Export          |
|-----------|------------------|-----------------|
| component | *.svelte         | PascalCase      |
| hook      | *.svelte.ts      | camelCase       |
| service   | *.ts             | camelCase       |
| types     | *.types.ts       | PascalCase      |
| constants | *.constants.ts   | SCREAMING_SNAKE |
| utils     | *.ts             | camelCase       |

- Naming: kebab-case for files
- Barrel exports: optional
- No default exports on utilities

## Component Rules
- No direct service imports in components — data via load functions only
- Extract to *.svelte.ts when script > 25 lines or logic repeats across 2+ components
- Extract to new component when template has > 2 logical sections
- Max props: 10 | No prop drilling beyond depth 3

## Svelte 5 Runes
- $state → local reactive state
- $derived → computed values (never $effect for derived state)
- $effect → side effects only (DOM, subscriptions)
- $props → component interface
- $bindable → explicit two-way binding (use sparingly)
- No legacy stores for local state

## Data Flow
route (load fn) → services (server-only) → UI

- Services consumed through +page.server.ts only
- API errors must be mapped to domain types before reaching UI
- Every async operation requires loading + error state

## Forbidden
- Circular imports
- Direct service imports in components
- Service imports in +page.ts (server-only)
- \`any\` type (use unknown + narrowing)
- Type assertions (\`as\`) except at data boundaries"
`;

exports[`Markdown Renderer Atomic + utility-first — no css files in structure or companions 1`] = `
"# Architecture Policy
Pattern: atomic | Framework: Svelte 5 | Styling: utility-first
Focus: design system

## Layers & Import Direction
organisms → molecules → atoms → shared (unidirectional, strict)

| Layer     | May Import              |
|-----------|-------------------------|
| organisms | molecules, atoms, shared |
| molecules | atoms, shared           |
| atoms     | shared                  |
| shared    | —                       |

- Circular imports: FORBIDDEN

## Directory Structure
src/
├── organisms/<component>/
│   ├── ComponentName.svelte  # complex UI sections — UI state allowed, no business logic
│   ├── hooks/                # reusable reactive logic (.svelte.ts)
│   └── types/
├── molecules/<component>/
│   ├── ComponentName.svelte  # atom combinations — UI state allowed, no business logic
│   └── types/
├── atoms/<component>/
│   ├── ComponentName.svelte  # single element wrappers — primitive behavior only
│   └── types/
└── shared/
    ├── utils/                # pure functions
    ├── types/                # global types
    └── theme/                # Tailwind config extensions — scoped tokens via CSS vars if needed

## File Conventions
| Type      | File           | Export          |
|-----------|----------------|-----------------|
| component | *.svelte       | PascalCase      |
| hook      | *.svelte.ts    | camelCase       |
| types     | *.types.ts     | PascalCase      |
| constants | *.constants.ts | SCREAMING_SNAKE |

- Naming: kebab-case for files
- Barrel exports: required at component roots only
- No default exports on utilities

## Component Rules
- No business logic at any layer — UI state is allowed
- No data fetching at any layer
- Extract to *.svelte.ts when script > 25 lines or logic repeats across 2+ components
- Extract to new component when template has > 2 logical sections
- Max props: 10 | No prop drilling beyond depth 3
- Prefer composition over configuration (slots over boolean props)

## Svelte 5 Runes
- $state → local reactive state
- $derived → computed values (never $effect for derived state)
- $effect → side effects only (DOM, subscriptions)
- $props → component interface
- $bindable → explicit two-way binding (use sparingly)
- No legacy stores for local state

## Forbidden
- Circular imports
- Business logic at any layer
- Data fetching at any layer
- any type (use unknown + narrowing)
- Type assertions (as) except at data boundaries"
`;
